[1;3mdefault                                [0m
 Status  [1m [0m[1mDeployed                    [0m[1m [0m
 Cloud   [1m [0m[1mgcp                         [0m[1m [0m
 Region  [1m [0m[1mus-central1                 [0m[1m [0m
 Zones   [1m [0m[1mus-central1-a, us-central1-c[0m[1m [0m
 Storage [1m [0m[1mFilestore                   [0m[1m [0m
[92m────────────────────────────────────────────────────────────────────────────────[0m
