[1;3mdefault                                                                    [0m
 Status     [1m [0m[1mDeployed                                                     [0m[1m [0m
 Node pools [1m [0m[39;49m                                                             [0m[1m [0m
            [1m [0m[39;49m [0m[1;39;49m [0m[1;39;49mMachine     [0m[1;39;49m [0m[39;49m [0m[1;39;49m [0m[1;39;49mCPU[0m[1;39;49m [0m[39;49m [0m[1;39;49m [0m[1;39;49mMemory[0m[1;39;49m [0m[39;49m [0m[1;39;49m [0m[1;39;49m                 GPU[0m[1;39;49m [0m[39;49m [0m[1;39;49m [0m[1;39;49mSize[0m[1;39;49m [0m[39;49m [0m[1m [0m
            [1m [0m[39;49m ━━━━━━━━━━━━━━━━━━━━━━━━━━━━━━━━━━━━━━━━━━━━━━━━━━━━━━━━━━━ [0m[1m [0m
            [1m [0m[39;49m [0m[1;39;49m [0m[1;39;49mn1-highmem-8[0m[1;39;49m [0m[39;49m [0m[39;49m [0m[39;49m7.0[0m[39;49m [0m[39;49m [0m[39;49m [0m[39;49m 45.0G[0m[39;49m [0m[39;49m [0m[39;49m [0m[39;49m                    [0m[39;49m [0m[39;49m [0m[39;49m [0m[39;49m   2[0m[39;49m [0m[39;49m [0m[1m [0m
            [1m [0m[39;49m [0m[1;39;49m [0m[1;39;49mn1-highmem-8[0m[1;39;49m [0m[39;49m [0m[39;49m [0m[39;49m7.0[0m[39;49m [0m[39;49m [0m[39;49m [0m[39;49m 45.0G[0m[39;49m [0m[39;49m [0m[39;49m [0m[39;49m1 x nvidia-tesla-k80[0m[39;49m [0m[39;49m [0m[39;49m [0m[39;49m   2[0m[39;49m [0m[39;49m [0m[1m [0m
            [1m [0m[39;49m                                                             [0m[1m [0m
[92m────────────────────────────────────────────────────────────────────────────────[0m
