Id                                          Sto…   Uri    Sta…   Cre…   Last  
                                                                   at     used  
 ━━━━━━━━━━━━━━━━━━━━━━━━━━━━━━━━━━━━━━━━━━━━━━━━━━━━━━━━━━━━━━━━━━━━━━━━━━━━━━ 
  disk-1                                      50.…   dis…   Pen…   Mar    Mar   
                                                                   04     08    
                                                                   2017   2017  
  disk-2                                      50.…   dis…   Rea…   Apr          
                                                                   04           
                                                                   2017         
  disk-3                                      50.…   dis…   Rea…   May          
                                                                   04           
                                                                   2017         
  disk-4                                      50B    dis…   Bro…   Jun          
                                                                   04           
                                                                   2017
