ID                                         NAME    STATUS    WHEN          IMAGE                  OWNER   CLUSTER   DESCRIPTION            COMMAND            
 ━━━━━━━━━━━━━━━━━━━━━━━━━━━━━━━━━━━━━━━━━━━━━━━━━━━━━━━━━━━━━━━━━━━━━━━━━━━━━━━━━━━━━━━━━━━━━━━━━━━━━━━━━━━━━━━━━━━━━━━━━━━━━━━━━━━━━━━━━━━━━━━━━━━━━━━━━━━━━━ 
  job-7ee153a7-249c-4be9-965a-ba3eafb67c82   name1   failed    Sep 25 2017   some-image-name:wit…   alice   default   some description       ls -la /some/path  
                                                                                                                      long long long long                       
  job-7ee153a7-249c-4be9-965a-ba3eafb67c84   name2   pending   Sep 25 2017   image://test-cluste…   alice   default   some description       ls -la /some/path
