default                                                                         
 Status      Deployed                                                           
 Cloud       gcp                                                                
 Region      us-central1                                                        
 Node pools                                                                     
               Machine   CPU   Memory   Preem…   GPU   TPU   Min   Max   Idle   
              ━━━━━━━━━━━━━━━━━━━━━━━━━━━━━━━━━━━━━━━━━━━━━━━━━━━━━━━━━━━━━━━━  
               n1-hig…   7.0    45.0G     √             √      1     2      1   
               n1-hig…   7.0    45.0G     ×             ×      1     2      0   
                                                                                
────────────────────────────────────────────────────────────────────────────────
