[1m [0m[1mId                                       [0m[1m [0m [1m [0m[1mSto…[0m[1m [0m [1m [0m[1mUri [0m[1m [0m [1m [0m[1mSta…[0m[1m [0m [1m [0m[1mCre…[0m[1m [0m [1m [0m[1mLast[0m[1m [0m 
                                                                  [1m [0m[1mat  [0m[1m [0m [1m [0m[1mused[0m[1m [0m 
 ━━━━━━━━━━━━━━━━━━━━━━━━━━━━━━━━━━━━━━━━━━━━━━━━━━━━━━━━━━━━━━━━━━━━━━━━━━━━━━ 
 [1m [0m[1mdisk-1                                   [0m[1m [0m  50.…   dis…   Pen…   Mar    Mar   
                                                                   04     08    
                                                                   2017   2017  
 [1m [0m[1mdisk-2                                   [0m[1m [0m  50.…   dis…   Rea…   Apr          
                                                                   04           
                                                                   2017         
 [1m [0m[1mdisk-3                                   [0m[1m [0m  50.…   dis…   Rea…   May          
                                                                   04           
                                                                   2017         
 [1m [0m[1mdisk-4                                   [0m[1m [0m  50B    dis…   Bro…   Jun          
                                                                   04           
                                                                   2017
