[1m [0m[1mId                                       [0m[1m [0m [1m [0m[1mStorage[0m[1m [0m [1m [0m[1mUri         [0m[1m [0m [1m [0m[1mStatus [0m[1m [0m 
 ━━━━━━━━━━━━━━━━━━━━━━━━━━━━━━━━━━━━━━━━━━━━━━━━━━━━━━━━━━━━━━━━━━━━━━━━━━━━━━ 
 [1m [0m[1mdisk-1                                   [0m[1m [0m  50.0G     disk://clus…   Pending  
 [1m [0m[1mdisk-2                                   [0m[1m [0m  50.0M     disk://clus…   Ready    
 [1m [0m[1mdisk-3                                   [0m[1m [0m  50.0K     disk://clus…   Ready    
 [1m [0m[1mdisk-4                                   [0m[1m [0m  50B       disk://clus…   Broken
