ID                                         …   S…   …   I…   …   C…   …   C…  
 ━━━━━━━━━━━━━━━━━━━━━━━━━━━━━━━━━━━━━━━━━━━━━━━━━━━━━━━━━━━━━━━━━━━━━━━━━━━━━━ 
  job-7ee153a7-249c-4be9-965a-ba3eafb67c82   …   f…   …   s…   …   d…   …   ls  
                                                      …                 …   -…  
                                                      …                 …   /…  
                                                                        …       
                                                                        …       
                                                                        …       
  job-7ee153a7-249c-4be9-965a-ba3eafb67c84   …   p…   …   i…   …   d…   …   ls  
                                                      …                 …   -…  
                                                      …                     /…
