ID                                         LIFE-SPAN  
 ━━━━━━━━━━━━━━━━━━━━━━━━━━━━━━━━━━━━━━━━━━━━━━━━━━━━━━ 
  job-1                                                 
  job-2                                      no limit   
  job-3                                      7d         
  job-4                                      3h25m45s
