╷                              
 [1m [0m[1mAlias   [0m[1m [0m│[1m [0m[1mDescription                [0m[1m [0m 
╺━━━━━━━━━━┿━━━━━━━━━━━━━━━━━━━━━━━━━━━━━╸
 [1m [0m[1mlsl     [0m[1m [0m│ Custom ls with long output.  
 [1m [0m[1muser-cmd[0m[1m [0m│ script                       
           ╵
