ID                                         N…   …   W…   …   O…   …   D…   …  
 ━━━━━━━━━━━━━━━━━━━━━━━━━━━━━━━━━━━━━━━━━━━━━━━━━━━━━━━━━━━━━━━━━━━━━━━━━━━━━━ 
  j                                          n…   …   a    …   a…   …   d    c  
                                                      s…                        
                                                      a…
