ID                                         NAME   STATUS   WHEN                               IMAGE   OWNER   COMMAND  
 ━━━━━━━━━━━━━━━━━━━━━━━━━━━━━━━━━━━━━━━━━━━━━━━━━━━━━━━━━━━━━━━━━━━━━━━━━━━━━━━━━━━━━━━━━━━━━━━━━━━━━━━━━━━━━━━━━━━━━━━ 
  j                                          name   failed   2021-03-24T12:15:49.072590+00:00   i:l     alice   c
