ID/NAME                                    STATUS/WHEN    IMAGE                                      OWNER   COMMAND            
 ━━━━━━━━━━━━━━━━━━━━━━━━━━━━━━━━━━━━━━━━━━━━━━━━━━━━━━━━━━━━━━━━━━━━━━━━━━━━━━━━━━━━━━━━━━━━━━━━━━━━━━━━━━━━━━━━━━━━━━━━━━━━━━━━ 
  job-7ee153a7-249c-4be9-965a-ba3eafb67c82   failed         some-image-name:with-long-tag              YOU     ls -la /some/path  
   name1                                      Sep 25 2017                                                                         
  job-7ee153a7-249c-4be9-965a-ba3eafb67c84   pending        image://test-cluster/bob/some-image-nam…   YOU     ls -la /some/path  
   name2                                      Sep 25 2017
