Id                                            Name            Provider   Uri                                 Created at    Public  
 ━━━━━━━━━━━━━━━━━━━━━━━━━━━━━━━━━━━━━━━━━━━━━━━━━━━━━━━━━━━━━━━━━━━━━━━━━━━━━━━━━━━━━━━━━━━━━━━━━━━━━━━━━━━━━━━━━━━━━━━━━━━━━━━━━━━ 
  bucket-1                                      test-bucket     aws        blob://cluster/user/test-bucket     Mar 04 2017   ×       
  bucket-2                                      test-bucket-2   aws        blob://cluster/user/test-bucket-2   Mar 04 2016   ×       
  bucket-3                                                      aws        blob://cluster/user-2/bucket-3      Mar 04 2018   ×       
  bucket-4                                                      aws        blob://cluster/user/bucket-4        Mar 04 2019   √
