User Configuration:                               
 User Name            user                        
 Current Cluster      default                     
 Current Org          <no-org>                    
 Current Project      project                     
 Credits Quota        500.00                      
 Jobs Quota           10                          
 API URL              https://dev.neu.ro/api/v1   
 Docker Registry URL  https://registry-dev.neu.ro 
Resource Presets:                                                                                                                                       
 Name               #CPU    Memory   Nvidia GPU   AMD GPU   Intel GPU   Resource Pools   Round Robin   Preemptible Node   Jobs Avail   Credits per hour 
━━━━━━━━━━━━━━━━━━━━━━━━━━━━━━━━━━━━━━━━━━━━━━━━━━━━━━━━━━━━━━━━━━━━━━━━━━━━━━━━━━━━━━━━━━━━━━━━━━━━━━━━━━━━━━━━━━━━━━━━━━━━━━━━━━━━━━━━━━━━━━━━━━━━━━━━
 nvidia-gpu-small      7   32.2 GB       1                              nvidia-gpu            ×               ×                        10               
 nvidia-gpu-large      7   64.4 GB       1                              nvidia-gpu            ×               ×                        10               
 amd-gpu-small         7   32.2 GB                   1                  amd-gpu               ×               ×                        10               
 amd-gpu-large         7   64.4 GB                   1                  amd-gpu               ×               ×                        10               
 intel-gpu-small       7   32.2 GB                              1       intel-gpu             ×               ×                        10               
 intel-gpu-large       7   64.4 GB                              1       intel-gpu             ×               ×                        10               
 cpu-small             7    2.1 GB                                                            ×               ×                    1   10               
 cpu-large             7   15.0 GB                                                            ×               ×                    2   10
