Id          bucket                          
 Uri         blob://cluster/user/test-bucket 
 Name        test-bucket                     
 Org name    NO_ORG                          
 Created at  Mar 04 2017                     
 Provider    aws                             
 Imported    False                           
 Public      False
