ID/NAME                                    WHEN                      CPU       MEMORY (MB)           GPU (%)   GPU_MEMORY (MB)  
 ━━━━━━━━━━━━━━━━━━━━━━━━━━━━━━━━━━━━━━━━━━━━━━━━━━━━━━━━━━━━━━━━━━━━━━━━━━━━━━━━━━━━━━━━━━━━━━━━━━━━━━━━━━━━━━━━━━━━━━━━━━━━━━━━ 
  job-3f9c5f93-45be-4c5d-acbd-11c68260235f   Sep 25 2018             0.235           128.123                 0                 0  
   test-job-name
