Id                                            Name            Provider   Uri                                       Org name   Created at    Public  
 ━━━━━━━━━━━━━━━━━━━━━━━━━━━━━━━━━━━━━━━━━━━━━━━━━━━━━━━━━━━━━━━━━━━━━━━━━━━━━━━━━━━━━━━━━━━━━━━━━━━━━━━━━━━━━━━━━━━━━━━━━━━━━━━━━━━━━━━━━━━━━━━━━━━━ 
  bucket-1                                      test-bucket     aws        blob://cluster/user/test-bucket           NO_ORG     Mar 04 2017   ×       
  bucket-2                                      test-bucket-2   aws        blob://cluster/user/test-bucket-2         NO_ORG     Mar 04 2016   ×       
  bucket-3                                                      aws        blob://cluster/test-org/user-2/bucket-3   test-org   Mar 04 2018   ×       
  bucket-4                                                      aws        blob://cluster/test-org/user/bucket-4     test-org   Mar 04 2019   √
