Job                     test-job                   
 Owner                   test-user                  
 Cluster                 default                    
 Description             test job description       
 Status                  running (ContainerRunning) 
 Image                   test-image                 
 Command                 test-command               
 Price (credits / hour)  15.0000                    
 Current cost            150.0000                   
 Resources                Memory  16.0M             
                          CPU       0.1             
 TTY                     False                      
 Internal Hostname       host.local                 
 Http URL                http://local.host.test/    
 Created                 Sep 25 2018 at 12:28       
 Started                 Sep 25 2018 at 12:28
