Job                     test-job                   
 Name                    test-job                   
 Owner                   test-user                  
 Cluster                 default                    
 Organisation            test-job-org-name          
 Status                  running (ContainerRunning) 
 Image                   test-image                 
 Command                 test-command               
 Price (credits / hour)  0.0010                     
 Current cost            0.0100                     
 Resources                Memory  16.0M             
                          CPU       0.1             
 TTY                     False                      
 Http URL                http://local.host.test/    
 Created                 Sep 25 2018 at 12:28       
 Started                 Sep 25 2018 at 12:28
