Job                     test-job                          
 Name                    test-job-name                     
 Owner                   test-user                         
 Cluster                 default                           
 Organisation            test-org                          
 Description             test job description              
 Status                  failed (ErrorReason)              
 Image                   test-image                        
 Command                 test-command                      
 Price (credits / hour)  15.0000                           
 Current cost            150.0000                          
 Resources                Memory  16.0M                    
                          CPU       0.1                    
 TTY                     False                             
 Volumes                  /mnt/storage  storage:folder     
 Http URL                http://local.host.test/           
 Http port               80                                
 Http authentication     True                              
 Created                 2018-09-25T12:28:21.298672+00:00  
 Started                 2018-09-25T12:28:59.759433+00:00  
 Finished                2018-09-25T12:28:59.759433+00:00  
 Exit code               123                               
 Description             ErrorDesc
