ID                                         STATUS    WHEN                               CREATED           STARTED           FINISHED         
 ━━━━━━━━━━━━━━━━━━━━━━━━━━━━━━━━━━━━━━━━━━━━━━━━━━━━━━━━━━━━━━━━━━━━━━━━━━━━━━━━━━━━━━━━━━━━━━━━━━━━━━━━━━━━━━━━━━━━━━━━━━━━━━━━━━━━━━━━━━━━━ 
  job-1                                      pending   2018-09-25T12:28:21.298672+00:00   2018-09-25T12:…                                      
  job-2                                      running   2018-09-25T12:28:24.759433+00:00   2018-09-25T12:…   2018-09-25T12:…                    
  job-3                                      failed    2018-09-26T12:28:59.759433+00:00   2018-09-25T12:…   2018-09-25T12:…   2018-09-26T12:…  
  job-4                                      failed    2021-03-24T12:15:38.171926+00:00   2021-03-24T08:…   2021-03-24T11:…   2021-03-24T12:…
