ID                                         NAME    STATUS    WHEN          IMAGE                                      OWNER   COMMAND            
 ━━━━━━━━━━━━━━━━━━━━━━━━━━━━━━━━━━━━━━━━━━━━━━━━━━━━━━━━━━━━━━━━━━━━━━━━━━━━━━━━━━━━━━━━━━━━━━━━━━━━━━━━━━━━━━━━━━━━━━━━━━━━━━━━━━━━━━━━━━━━━━━━━ 
  job-7ee153a7-249c-4be9-965a-ba3eafb67c82   name1   failed    Sep 25 2017   some-image-name:with-long-tag              alice   ls -la /some/path  
  job-7ee153a7-249c-4be9-965a-ba3eafb67c84   name2   pending   Sep 25 2017   image://test-cluster/bob/some-image-nam…   alice   ls -la /some/path
