Project                                   Timeout     
  Id                                          Name   Storage    Used   Uri           Status    Org name   name          Created at    Last used     unused      
 ━━━━━━━━━━━━━━━━━━━━━━━━━━━━━━━━━━━━━━━━━━━━━━━━━━━━━━━━━━━━━━━━━━━━━━━━━━━━━━━━━━━━━━━━━━━━━━━━━━━━━━━━━━━━━━━━━━━━━━━━━━━━━━━━━━━━━━━━━━━━━━━━━━━━━━━━━━━━━━ 
  disk-1                                             53.7 GB           disk://clu…   Pending   NO_ORG     test-proje…   Mar 04 2017   Mar 08 2017   no limit    
  disk-2                                             52.4 MB           disk://clu…   Ready     NO_ORG     another-pr…   Apr 04 2017                 2d3h4m5s    
  disk-3                                             51.2 kB           disk://clu…   Ready     test-org   another-pr…   May 04 2017                 no limit    
  disk-4                                             50 Bytes          disk://clu…   Broken    NO_ORG     test-proje…   Jun 04 2017                 no limit
