Job                     test-job              
 Owner                   owner                 
 Cluster                 default               
 Description             test job description  
 Status                  pending               
 Image                   test-image            
 Command                 test-command          
 Price (credits / hour)  15.0000               
 Current cost            150.0000              
 Resources                Memory  16.0M        
                          CPU       0.1        
 Round Robin             True                  
 Preemptible Node        True                  
 TTY                     False                 
 Created                 Sep 25 2018 at 12:28
