default                     
 Status            Deployed 
 Default credits   20.00    
 Default max jobs  42       
 Default role      user     
────────────────────────────────────────────────────────────────────────────────────────────────────────────────────────────────────────────────────────────────
