Id            bucket                                           
 Uri           blob://cluster/test-org/test-project/test-bucket 
 Name          test-bucket                                      
 Org name      test-org                                         
 Project name  test-project                                     
 Created at    Mar 04 2017                                      
 Provider      aws                                              
 Imported      False                                            
 Public        False
