default                                                                                                         
 Status        Deployed                                                                                         
 Cloud         gcp                                                                                              
 Region        us-central1                                                                                      
 Node pools                                                                                                     
                 Name          Machine        CPU    Memory       Disk   Preemptible   GPU   Min   Max   Idle   
                ━━━━━━━━━━━━━━━━━━━━━━━━━━━━━━━━━━━━━━━━━━━━━━━━━━━━━━━━━━━━━━━━━━━━━━━━━━━━━━━━━━━━━━━━━━━━━━  
                 node-pool-1   n1-highmem-8   7.0   48.3 GB   161.1 GB        √                1     2      1   
                 node-pool-2   n1-highmem-8   7.0   48.3 GB   161.1 GB        ×                1     2      0   
                                                                                                                
 Default role  user                                                                                             
────────────────────────────────────────────────────────────────────────────────────────────────────────────────────────────────────────────────────────────────
