ID/NAME                                    STATUS/WHEN     IMAGE   OWNER   COMMAND  
 ━━━━━━━━━━━━━━━━━━━━━━━━━━━━━━━━━━━━━━━━━━━━━━━━━━━━━━━━━━━━━━━━━━━━━━━━━━━━━━━━━━━━ 
  j                                          failed          i:l     alice   c        
   name                                       a second ago
