Id                                    bucket-credentials 
 Name                                  test-credentials   
 Read-only:                            False              
 Credentials for bucket 'test-bucket'   Key   Value       
                                        key1  value1      
                                        key2  value2
