ID                                         NAME   CLUSTER   PROJECT   OWNER         IMAGE       
 ━━━━━━━━━━━━━━━━━━━━━━━━━━━━━━━━━━━━━━━━━━━━━━━━━━━━━━━━━━━━━━━━━━━━━━━━━━━━━━━━━━━━━━━━━━━━━━━━ 
  test-job                                   0      default   proj1     YOU           test-image  
  test-job                                   1      default   proj1     someoneelse   test-image  
  test-job                                   2      default   proj2     YOU           test-image  
  test-job                                   3      default   proj2     someoneelse   test-image
