Id              disk                     
 Storage         11.9G                    
 Used                                     
 Uri             disk://cluster/user/disk 
 Name            test-disk                
 Org name        NO_ORG                   
 Status          Ready                    
 Created at      Mar 04 2017              
 Last used       Apr 04 2017              
 Timeout unused  1d2h3m4s
