Id                                          Name   Storage   Used   Uri                      Status    Org name   Created at    Last used     Timeout unused  
 ━━━━━━━━━━━━━━━━━━━━━━━━━━━━━━━━━━━━━━━━━━━━━━━━━━━━━━━━━━━━━━━━━━━━━━━━━━━━━━━━━━━━━━━━━━━━━━━━━━━━━━━━━━━━━━━━━━━━━━━━━━━━━━━━━━━━━━━━━━━━━━━━━━━━━━━━━━━━━━ 
  disk-1                                             50.0G            disk://cluster/user/d…   Pending   NO_ORG     Mar 04 2017   Mar 08 2017   no limit        
  disk-2                                             50.0M            disk://cluster/user/d…   Ready     NO_ORG     Apr 04 2017                 2d3h4m5s        
  disk-3                                             50.0K            disk://cluster/test-o…   Ready     test-org   May 04 2017                 no limit        
  disk-4                                             50B              disk://cluster/user/d…   Broken    NO_ORG     Jun 04 2017                 no limit
