ID/NAME                                    STATUS/WHEN     IMAGE   ORG/OWNER   COMMAND  
 ━━━━━━━━━━━━━━━━━━━━━━━━━━━━━━━━━━━━━━━━━━━━━━━━━━━━━━━━━━━━━━━━━━━━━━━━━━━━━━━━━━━━━━━━ 
  j                                          failed          i:l                 c        
   name                                       a second ago            alice
