Id            bucket                                         
 Uri           blob://cluster/NO_ORG/test-project/test-bucket 
 Name          test-bucket                                    
 Org name      NO_ORG                                         
 Project name  test-project                                   
 Created at    Mar 04 2017                                    
 Provider      aws                                            
 Imported      False                                          
 Public        False
