default                                                                                             
 Status        Deployed                                                                             
 Node pools                                                                                         
                 Name          CPU    Memory           Disk                            GPU   Size   
                ━━━━━━━━━━━━━━━━━━━━━━━━━━━━━━━━━━━━━━━━━━━━━━━━━━━━━━━━━━━━━━━━━━━━━━━━━━━━━━━━━━  
                 node-pool-1   7.0   48.3 GB       161.1 GB                                     2   
                 node-pool-2   7.0   48.3 GB   161.1 GB SSD   Nvidia: 1 x nvidia-tesla-k80      2   
                                                                    AMD: 1 x instinct-mi25          
                                                                                                    
 Default role  user                                                                                 
────────────────────────────────────────────────────────────────────────────────────────────────────────────────────────────────────────────────────────────────
