╷          ╷         ╷                    ╷             ╷                                  ╷            
  Name   │ Org      │ Role    │ Email              │ Full name   │ Registered                       │ Max jobs   
╺━━━━━━━━┿━━━━━━━━━━┿━━━━━━━━━┿━━━━━━━━━━━━━━━━━━━━┿━━━━━━━━━━━━━┿━━━━━━━━━━━━━━━━━━━━━━━━━━━━━━━━━━┿━━━━━━━━━━━╸
  alex   │          │ user    │ alex@domain.name   │             │                                  │ 2          
  alex   │ some-org │ user    │ alex@domain.name   │             │                                  │ 2          
  andrew │          │ manager │ andrew@domain.name │ andrew      │ 2017-03-04T12:28:59.759433+00:00 │ unlimited  
  denis  │          │ admin   │ denis@domain.name  │ denis admin │ 2017-03-04T12:28:59.759433+00:00 │ unlimited  
  ivan   │          │ user    │ ivan@domain.name   │ user        │ 2017-03-04T12:28:59.759433+00:00 │ 1          
         ╵          ╵         ╵                    ╵             ╵                                  ╵
