Job                     test-job                                                       
 Name                    test-job-name                                                  
 Owner                   test-user                                                      
 Project                 myproject                                                      
 Cluster                 default                                                        
 Organization            my_org                                                         
 Description             test job description                                           
 Status                  failed (ErrorReason)                                           
 Image                   image:test-image:sometag                                       
 Command                 test-command                                                   
 Priority                Normal                                                         
 Price (credits / hour)  15.0000                                                        
 Current cost            150.0000                                                       
 Resources                Memory  16.8 MB                                               
                          CPU         0.1                                               
 TTY                     False                                                          
 Volumes                  /mnt/rw  storage:rw                                           
 Secret files             /var/run/secret1  secret:secret1                              
                          /var/run/secret2  secret:/otherproject/secret2                
                          /var/run/secret3  secret://othercluster/otherproject/secret3  
 Http URL                http://local.host.test/                                        
 Http port               80                                                             
 Http authentication     True                                                           
 Environment              ENV_NAME_0  somevalue                                         
 Secret environment       ENV_NAME_1  secret:secret4                                    
                          ENV_NAME_2  secret:/otherproject/secret5                      
                          ENV_NAME_3  secret://othercluster/otherproject/secret6        
 Created                 2018-09-25T12:28:21.298672+00:00                               
 Started                 2018-09-25T12:28:59.759433+00:00                               
 Finished                2018-09-25T12:28:59.759433+00:00                               
 Exit code               123                                                            
 Description             ErrorDesc
