Id                                            Name            Provider   Uri                             
 ━━━━━━━━━━━━━━━━━━━━━━━━━━━━━━━━━━━━━━━━━━━━━━━━━━━━━━━━━━━━━━━━━━━━━━━━━━━━━━━━━━━━━━━━━━━━━━━━━━━━━━━━━ 
  bucket-1                                      test-bucket     aws        blob://cluster/user/bucket-1    
  bucket-2                                      test-bucket-2   aws        blob://cluster/user/bucket-2    
  bucket-3                                                      aws        blob://cluster/user-2/bucket-3  
  bucket-4                                                      aws        blob://cluster/user/bucket-4
