Key                                           Org        Project       
 ━━━━━━━━━━━━━━━━━━━━━━━━━━━━━━━━━━━━━━━━━━━━━━━━━━━━━━━━━━━━━━━━━━━━━━━ 
  secret://cluster/NO_ORG/test-project/key1     NO_ORG     test-project  
  secret://cluster/test-org/test-project/key2   test-org   test-project  
  secret://cluster/NO_ORG/test-project/key3     NO_ORG     test-project
