Available node pools:                                                           
 Machine        CPU   CPU Avail   Memory    Memory Avail   GPU                  
━━━━━━━━━━━━━━━━━━━━━━━━━━━━━━━━━━━━━━━━━━━━━━━━━━━━━━━━━━━━━━━━━━━━━━━━━━━━━━━━
 n1-highmem-4   4     3           16.0 kB   15.0 GB                             
 n1-highmem-4   4     3           64.0 kB   64.4 GB        1 x nvidia-tesla-k80
