Available node pools:                                                                    
 Id          Machine     CPU   CPU Avail   Memory    Memory Avail   GPU                  
━━━━━━━━━━━━━━━━━━━━━━━━━━━━━━━━━━━━━━━━━━━━━━━━━━━━━━━━━━━━━━━━━━━━━━━━━━━━━━━━━━━━━━━━━
 m5_xlarge   m5.xlarge   4     3           16.0 kB   15.0 GB                             
 p2_xlarge   p2.xlarge   4     3           64.0 kB   64.4 GB        1 x nvidia-tesla-k80 

Available storages:                                    
 Id                        Performance      Throughput 
━━━━━━━━━━━━━━━━━━━━━━━━━━━━━━━━━━━━━━━━━━━━━━━━━━━━━━━
 generalPurpose_bursting   generalPurpose   bursting
