Id                                                        Name                 Buckets                      Read-only  
 ━━━━━━━━━━━━━━━━━━━━━━━━━━━━━━━━━━━━━━━━━━━━━━━━━━━━━━━━━━━━━━━━━━━━━━━━━━━━━━━━━━━━━━━━━━━━━━━━━━━━━━━━━━━━━━━━━━━━━━━ 
  bucket-credentials-1                                      test-credentials-1   test-bucket, test-bucket-2   ×          
  bucket-credentials-2                                      test-credentials-3   bucket-3                     √          
  bucket-credentials-3                                      test-credentials-3   bucket-3, bucket-4           ×
