ID/NAME                                    WHEN                                           CPU       MEMORY (MB)           GPU (%)   GPU_MEMORY (MB)  
 ━━━━━━━━━━━━━━━━━━━━━━━━━━━━━━━━━━━━━━━━━━━━━━━━━━━━━━━━━━━━━━━━━━━━━━━━━━━━━━━━━━━━━━━━━━━━━━━━━━━━━━━━━━━━━━━━━━━━━━━━━━━━━━━━━━━━━━━━━━━━━━━━━━━━━ 
  job-ad09fe07-0c64-4d32-b477-3b737d215621   2018-09-25T12:28:21.298672+00:00             0.235           128.123                 0                 0  
   test-job-name
