Id          bucket-credentials 
 Name        test-credentials   
 Read-only:  False              
Credentials for bucket 'test-bucket':
key1: value1
key2: 
very-long-value-very-long-value-very-long-value-very-long-value-very-long-value-very-long-value-very-long-value-very-long-value-very-long-value-very-long-value-
very-long-value-very-long-value-very-long-value-very-long-value-very-long-value-very-long-value-very-long-value-very-long-value-very-long-value-very-long-value-
very-long-value-very-long-value-very-long-value-very-long-value-very-long-value-very-long-value-very-long-value-very-long-value-very-long-value-very-long-value-
very-long-value-very-long-value-very-long-value-very-long-value-very-long-value-very-long-value-very-long-value-very-long-value-very-long-value-very-long-value-
very-long-value-very-long-value-very-long-value-very-long-value-very-long-value-very-long-value-very-long-value-very-long-value-very-long-value-very-long-value-
very-long-value-very-long-value-very-long-value-very-long-value-very-long-value-very-long-value-very-long-value-very-long-value-very-long-value-very-long-value-
very-long-value-very-long-value-very-long-value-very-long-value-very-long-value-very-long-value-very-long-value-very-long-value-very-long-value-very-long-value-
very-long-value-very-long-value-very-long-value-very-long-value-very-long-value-very-long-value-very-long-value-very-long-value-very-long-value-very-long-value-
very-long-value-very-long-value-very-long-value-very-long-value-very-long-value-very-long-value-very-long-value-very-long-value-very-long-value-very-long-value-
very-long-value-very-long-value-very-long-value-very-long-value-very-long-value-very-long-value-very-long-value-very-long-value-very-long-value-very-long-value-
