Available node pools:                                                             
 Machine          CPU   CPU Avail   Memory    Memory Avail   GPU                  
━━━━━━━━━━━━━━━━━━━━━━━━━━━━━━━━━━━━━━━━━━━━━━━━━━━━━━━━━━━━━━━━━━━━━━━━━━━━━━━━━━
 Standard_D4_v3   4     3           16.0 kB   15.0 GB                             
 Standard_NC6     4     3           64.0 kB   64.4 GB        1 x nvidia-tesla-k80
