Job                     test-job                                                      
 Name                    test-job-name                                                 
 Owner                   test-user                                                     
 Project                 myproject                                                     
 Cluster                 default                                                       
 Organization            my_org                                                        
 Description             test job description                                          
 Status                  failed (ErrorReason)                                          
 Image                   image:test-image:sometag                                      
 Command                 test-command                                                  
 Priority                Normal                                                        
 Price (credits / hour)  15.0000                                                       
 Current cost            150.0000                                                      
 Resources                Memory  16.8 MB                                              
                          CPU         0.1                                              
 TTY                     False                                                         
 Volumes                  /mnt/_ro_  storage:/otherproject/_ro_              READONLY  
                          /mnt/rw    storage:rw                                        
                          /mnt/ro    storage://othercluster/otherproject/ro  READONLY  
 Http URL                http://local.host.test/                                       
 Http port               80                                                            
 Http authentication     True                                                          
 Created                 Sep 25 2018 at 12:28                                          
 Started                 Sep 25 2018 at 12:28                                          
 Finished                Sep 25 2018 at 12:28                                          
 Exit code               123                                                           
 Description             ErrorDesc
