ID/NAME                                    STATUS/WHEN                         IMAGE                                      ORG/PROJECT   COMMAND            
 ━━━━━━━━━━━━━━━━━━━━━━━━━━━━━━━━━━━━━━━━━━━━━━━━━━━━━━━━━━━━━━━━━━━━━━━━━━━━━━━━━━━━━━━━━━━━━━━━━━━━━━━━━━━━━━━━━━━━━━━━━━━━━━━━━━━━━━━━━━━━━━━━━━━━━━━━━━━ 
  job-7ee153a7-249c-4be9-965a-ba3eafb67c82   failed                              some-image-name:with-long-tag              my_org        ls -la /some/path  
   name1                                      2017-09-25T12:28:59.759433+00:00                                               myproject                       
  job-7ee153a7-249c-4be9-965a-ba3eafb67c84   pending                             image://test-cluster/test-project/some-…   my_org        ls -la /some/path  
   name2                                      2017-09-25T12:28:21.298672+00:00                                               myproject
