User Configuration:                                     
 User Name            user                              
 Current Cluster      default                           
 Current Org          NO_ORG                            
 Current Project      project                           
 Credits Quota        500.00                            
 Jobs Quota           10                                
 API URL              https://api.dev.apolo.us/api/v1   
 Docker Registry URL  https://registry-api.dev.apolo.us 
Resource Presets:                                                                                                                                   
 Name               #CPU    Memory   GPU                            Resource Pools   Round Robin   Preemptible Node   Jobs Avail   Credits per hour 
━━━━━━━━━━━━━━━━━━━━━━━━━━━━━━━━━━━━━━━━━━━━━━━━━━━━━━━━━━━━━━━━━━━━━━━━━━━━━━━━━━━━━━━━━━━━━━━━━━━━━━━━━━━━━━━━━━━━━━━━━━━━━━━━━━━━━━━━━━━━━━━━━━━━
 nvidia-gpu-small      7   32.2 GB   Nvidia: 1 x nvidia-tesla-k80   nvidia-gpu            ×               ×                        10               
 nvidia-gpu-large      7   64.4 GB   Nvidia: 1 x nvidia-A100        nvidia-gpu            ×               ×                        10               
 amd-gpu-small         7   32.2 GB   AMD: 1 x instinct-mi25         amd-gpu               ×               ×                        10               
 amd-gpu-large         7   64.4 GB   AMD: 1 x instinct-mi100        amd-gpu               ×               ×                        10               
 intel-gpu-small       7   32.2 GB   Intel: 1 x flex-170            intel-gpu             ×               ×                        10               
 intel-gpu-large       7   64.4 GB   Intel: 1 x max-1550            intel-gpu             ×               ×                        10               
 cpu-small             7    2.1 GB                                                        ×               ×                    1   10               
 cpu-large             7   15.0 GB                                                        ×               ×                    2   10
