default                                      
 Status        Deployed                      
 Cloud         gcp                           
 Region        us-central1                   
 Zones         us-central1-a, us-central1-c  
 Storage                                     
                 Name   Type        Size     
                ━━━━━━━━━━━━━━━━━━━━━━━━━━━  
                 org1   Filestore   1.1 GB   
                 org2   Filestore   2.1 GB   
                                             
 Default role  user                          
────────────────────────────────────────────────────────────────────────────────────────────────────────────────────────────────────────────────────────────────
