ID/NAME                                    WHEN                      CPU       MEMORY (MB)           GPU (%)   GPU_MEMORY (MB)  
 ━━━━━━━━━━━━━━━━━━━━━━━━━━━━━━━━━━━━━━━━━━━━━━━━━━━━━━━━━━━━━━━━━━━━━━━━━━━━━━━━━━━━━━━━━━━━━━━━━━━━━━━━━━━━━━━━━━━━━━━━━━━━━━━━ 
  job-ad09fe07-0c64-4d32-b477-3b737d215621   Sep 25 2018             0.123           256.123                 0                 0  
   test-job-name
