Copying: /abc/file.txt                                                                                                                                          
file.txt                                            0% 0/600 bytes ?file.txt                                            0% 0/600 bytes ?
