Copying: /abc/cde/file.txt                                                                                                                                      
file.txt                                            0% 0/800 bytes ?file.txt                                            0% 0/800 bytes ?
