default                                                                                 
 Status      Deployed                                                                   
 Node pools                                                                             
               Machine        CPU   Memory         Disk                    GPU   Size   
              ━━━━━━━━━━━━━━━━━━━━━━━━━━━━━━━━━━━━━━━━━━━━━━━━━━━━━━━━━━━━━━━━━━━━━━━━  
               n1-highmem-8   7.0    45.0G       150.0G                             2   
               n1-highmem-8   7.0    45.0G   150.0G SSD   1 x nvidia-tesla-k80      2   
                                                                                        
────────────────────────────────────────────────────────────────────────────────────────────────────────────────────────────────────────────────────────────────
