ID                                         NAME   STATUS   WHEN           IMAGE   OWNER   CLUSTER   DESCRIPTION   COMMAND  
 ━━━━━━━━━━━━━━━━━━━━━━━━━━━━━━━━━━━━━━━━━━━━━━━━━━━━━━━━━━━━━━━━━━━━━━━━━━━━━━━━━━━━━━━━━━━━━━━━━━━━━━━━━━━━━━━━━━━━━━━━━━━ 
  j                                          name   failed   a second ago   i:l     YOU     dc        d             c
