default                                                                                            
 Status      Deployed                                                                              
 Cloud       gcp                                                                                   
 Region      us-central1                                                                           
 Node pools                                                                                        
               Machine        CPU   Memory     Disk   Preemptible   GPU   TPU   Min   Max   Idle   
              ━━━━━━━━━━━━━━━━━━━━━━━━━━━━━━━━━━━━━━━━━━━━━━━━━━━━━━━━━━━━━━━━━━━━━━━━━━━━━━━━━━━  
               n1-highmem-8   7.0    45.0G   150.0G        √               √      1     2      1   
               n1-highmem-8   7.0    45.0G   150.0G        ×               ×      1     2      0   
                                                                                                   
────────────────────────────────────────────────────────────────────────────────────────────────────────────────────────────────────────────────────────────────
